08-14 07:52:37.588   498   498 I servicemanager: Could not find android.hardware.radio.sim.IRadioSim/slot1 in the VINTF manifest.
08-14 07:52:37.588   498   498 I servicemanager: Could not find android.hardware.radio.voice.IRadioVoice/slot1 in the VINTF manifest.
08-14 07:52:37.594   498   498 I servicemanager: Could not find android.hardware.radio.modem.IRadioModem/slot1 in the VINTF manifest.
08-14 07:52:37.595   499   499 I hwservicemanager: getTransport: Cannot find entry android.hardware.radio@1.6::IRadio/slot1 in either framework or device VINTF manifest.
08-14 07:52:37.614   499   499 I hwservicemanager: getTransport: Cannot find entry android.hardware.radio@1.6::IRadio/slot1 in either framework or device VINTF manifest.
08-14 07:52:37.617   498   498 I servicemanager: Could not find android.hardware.radio.data.IRadioData/slot1 in the VINTF manifest.
08-14 07:52:37.617   499   499 I hwservicemanager: getTransport: Cannot find entry android.hardware.radio@1.6::IRadio/slot1 in either framework or device VINTF manifest.
08-14 07:52:37.621   498   498 I servicemanager: Could not find android.hardware.radio.messaging.IRadioMessaging/slot1 in the VINTF manifest.
08-14 07:52:37.621   499   499 I hwservicemanager: getTransport: Cannot find entry android.hardware.radio@1.6::IRadio/slot1 in either framework or device VINTF manifest.
08-14 07:52:37.624   498   498 I servicemanager: Could not find android.hardware.radio.network.IRadioNetwork/slot1 in the VINTF manifest.
08-14 07:52:37.624   499   499 I hwservicemanager: getTransport: Cannot find entry android.hardware.radio@1.6::IRadio/slot1 in either framework or device VINTF manifest.
08-14 07:52:37.626   498   498 I servicemanager: Could not find android.hardware.radio.sim.IRadioSim/slot1 in the VINTF manifest.
08-14 07:52:37.627   499   499 I hwservicemanager: getTransport: Cannot find entry android.hardware.radio@1.6::IRadio/slot1 in either framework or device VINTF manifest.
08-14 07:52:37.629   498   498 I servicemanager: Could not find android.hardware.radio.voice.IRadioVoice/slot1 in the VINTF manifest.
08-14 07:52:37.630   499   499 I hwservicemanager: getTransport: Cannot find entry android.hardware.radio@1.6::IRadio/slot1 in either framework or device VINTF manifest.
08-14 07:52:37.633   498   498 I servicemanager: Could not find android.hardware.radio.data.IRadioData/slot2 in the VINTF manifest.
08-14 07:52:37.635   498   498 I servicemanager: Could not find android.hardware.radio.messaging.IRadioMessaging/slot2 in the VINTF manifest.
08-14 07:52:37.635   498   498 I servicemanager: Could not find android.hardware.radio.modem.IRadioModem/slot2 in the VINTF manifest.
08-14 07:52:37.636   498   498 I servicemanager: Could not find android.hardware.radio.network.IRadioNetwork/slot2 in the VINTF manifest.
08-14 07:52:37.637   498   498 I servicemanager: Could not find android.hardware.radio.sim.IRadioSim/slot2 in the VINTF manifest.
08-14 07:52:37.637   498   498 I servicemanager: Could not find android.hardware.radio.voice.IRadioVoice/slot2 in the VINTF manifest.
08-14 07:52:37.638   498   498 I servicemanager: Could not find android.hardware.radio.modem.IRadioModem/slot2 in the VINTF manifest.
08-14 07:52:37.639   499   499 I hwservicemanager: getTransport: Cannot find entry android.hardware.radio@1.6::IRadio/slot2 in either framework or device VINTF manifest.
08-14 07:52:37.656   499   499 I hwservicemanager: getTransport: Cannot find entry android.hardware.radio@1.6::IRadio/slot2 in either framework or device VINTF manifest.
08-14 07:52:37.669   498   498 I servicemanager: Could not find android.hardware.radio.data.IRadioData/slot2 in the VINTF manifest.
08-14 07:52:37.670   499   499 I hwservicemanager: getTransport: Cannot find entry android.hardware.radio@1.6::IRadio/slot2 in either framework or device VINTF manifest.
08-14 07:52:37.680   498   498 I servicemanager: Could not find android.hardware.radio.messaging.IRadioMessaging/slot2 in the VINTF manifest.
08-14 07:52:37.686   499   499 I hwservicemanager: getTransport: Cannot find entry android.hardware.radio@1.6::IRadio/slot2 in either framework or device VINTF manifest.
08-14 07:52:37.686   345   345 W kworker/u16:14: type=1400 audit(0.0:72): avc: denied { search } for name="vendor" dev="tmpfs" ino=14347 scontext=u:r:kernel:s0 tcontext=u:object_r:mnt_vendor_file:s0 tclass=dir permissive=0
08-14 07:52:37.686   345   345 W kworker/u16:14: type=1400 audit(0.0:73): avc: denied { search } for name="vendor" dev="tmpfs" ino=14347 scontext=u:r:kernel:s0 tcontext=u:object_r:mnt_vendor_file:s0 tclass=dir permissive=0
08-14 07:52:37.690   498   498 I servicemanager: Could not find android.hardware.radio.network.IRadioNetwork/slot2 in the VINTF manifest.
08-14 07:52:37.691   499   499 I hwservicemanager: getTransport: Cannot find entry android.hardware.radio@1.6::IRadio/slot2 in either framework or device VINTF manifest.
08-14 07:52:37.694   498   498 I servicemanager: Could not find android.hardware.radio.sim.IRadioSim/slot2 in the VINTF manifest.
08-14 07:52:37.694   499   499 I hwservicemanager: getTransport: Cannot find entry android.hardware.radio@1.6::IRadio/slot2 in either framework or device VINTF manifest.
08-14 07:52:37.697   498   498 I servicemanager: Could not find android.hardware.radio.voice.IRadioVoice/slot2 in the VINTF manifest.
08-14 07:52:37.698   499   499 I hwservicemanager: getTransport: Cannot find entry android.hardware.radio@1.6::IRadio/slot2 in either framework or device VINTF manifest.
08-14 07:52:37.716   498   498 I servicemanager: Could not find android.hardware.radio.config.IRadioConfig/default in the VINTF manifest.
08-14 07:52:37.717   499   499 I hwservicemanager: getTransport: Cannot find entry android.hardware.radio.config@1.3::IRadioConfig/default in either framework or device VINTF manifest.
08-14 07:52:37.733   498   498 I servicemanager: Could not find android.hardware.graphics.allocator.IAllocator/default in the VINTF manifest.
08-14 07:52:37.753  1213  1213 E QTI_SDM_INFO: [qti_rmnet_peripheral.c:768] qti_file_open():Could not open device file. Errno 2 error msg=No such file or directory
08-14 07:52:38.699  1583  1583 E Diag_Lib:  Diag_LSM_Init: Failed to open handle to diag driver, error = 13
08-14 07:52:38.694  1583  1583 W imsrcsd : type=1400 audit(0.0:74): avc: denied { read write } for name="diag" dev="tmpfs" ino=14599 scontext=u:r:vendor_hal_rcsservice:s0 tcontext=u:object_r:vendor_diag_device:s0 tclass=chr_file permissive=0
08-14 07:52:38.753  1213  1213 E QTI_SDM_INFO: [qti_rmnet_peripheral.c:768] qti_file_open():Could not open device file. Errno 2 error msg=No such file or directory
08-14 07:52:38.957  1250  1250 I Atfwd_Daemon: qmi_client_register_error_cb status: 0
08-14 07:52:39.753  1213  1213 E QTI_SDM_INFO: [qti_rmnet_peripheral.c:768] qti_file_open():Could not open device file. Errno 2 error msg=No such file or directory
08-14 07:52:40.016  2047  2161 E QuickAccessWalletKeyguardQuickAffordanceConfig: Wallet card retrieval error, message: "null"
08-14 07:52:40.059  2047  2161 E QuickAccessWalletKeyguardQuickAffordanceConfig: Wallet card retrieval error, message: "null"
08-14 07:52:40.082  2047  2161 E QuickAccessWalletKeyguardQuickAffordanceConfig: Wallet card retrieval error, message: "null"
08-14 07:52:40.754  1213  1213 E QTI_SDM_INFO: [qti_rmnet_peripheral.c:768] qti_file_open():Could not open device file. Errno 2 error msg=No such file or directory
08-14 07:52:41.197  1377  1593 W BatteryExternalStatsWorker: error reading Bluetooth stats: 9
08-14 07:52:41.290  2847  2847 W init.qcom.post_: type=1400 audit(0.0:75): avc: denied { cpu } for scontext=u:r:vendor_qti_init_shell:s0 tcontext=u:r:vendor_qti_init_shell:s0 tclass=perf_event permissive=0
08-14 07:52:41.290  2847  2847 W init.qcom.post_: type=1400 audit(0.0:76): avc: denied { cpu } for scontext=u:r:vendor_qti_init_shell:s0 tcontext=u:r:vendor_qti_init_shell:s0 tclass=perf_event permissive=0
08-14 07:52:41.290  2847  2847 W init.qcom.post_: type=1400 audit(0.0:77): avc: denied { cpu } for scontext=u:r:vendor_qti_init_shell:s0 tcontext=u:r:vendor_qti_init_shell:s0 tclass=perf_event permissive=0
08-14 07:52:41.290  2847  2847 W init.qcom.post_: type=1400 audit(0.0:78): avc: denied { cpu } for scontext=u:r:vendor_qti_init_shell:s0 tcontext=u:r:vendor_qti_init_shell:s0 tclass=perf_event permissive=0
08-14 07:52:41.290  2847  2847 W init.qcom.post_: type=1400 audit(0.0:79): avc: denied { cpu } for scontext=u:r:vendor_qti_init_shell:s0 tcontext=u:r:vendor_qti_init_shell:s0 tclass=perf_event permissive=0
08-14 07:52:41.290  2847  2847 W init.qcom.post_: type=1400 audit(0.0:80): avc: denied { cpu } for scontext=u:r:vendor_qti_init_shell:s0 tcontext=u:r:vendor_qti_init_shell:s0 tclass=perf_event permissive=0
08-14 07:52:41.290  2847  2847 W init.qcom.post_: type=1400 audit(0.0:81): avc: denied { cpu } for scontext=u:r:vendor_qti_init_shell:s0 tcontext=u:r:vendor_qti_init_shell:s0 tclass=perf_event permissive=0
08-14 07:52:41.290  2847  2847 W init.qcom.post_: type=1400 audit(0.0:82): avc: denied { cpu } for scontext=u:r:vendor_qti_init_shell:s0 tcontext=u:r:vendor_qti_init_shell:s0 tclass=perf_event permissive=0
08-14 07:52:41.311  2267  2267 I QImsService: IFRequest : [0001]< REQUEST_QUERY_SERVICE_STATUS error: 1
08-14 07:52:41.337  2267  2267 I QImsService: IFRequest : [0003]< REQUEST_QUERY_MULTI_SIM_VOICE_CAPABILITY error: 6
08-14 07:52:41.337  2267  2267 I QImsService: IFRequest : [0005]< REQUEST_QUERY_MULTI_SIM_VOICE_CAPABILITY error: 6
08-14 07:52:41.345  2267  2267 E QImsService: ImsSubController : handleMultiSimVoiceCapability errorCode: 6
08-14 07:52:41.345  2267  2267 E QImsService: ImsSubController : handleMultiSimVoiceCapability errorCode: 6
08-14 07:52:41.348   499   499 I hwservicemanager: getTransport: Cannot find entry vendor.qti.memory.pasrmanager@1.1::IPasrManager/pasrhal in either framework or device VINTF manifest.
08-14 07:52:41.754  1213  1213 E QTI_SDM_INFO: [qti_rmnet_peripheral.c:785] qti_file_open():Could not open device file. Abort. Errno 2 error msg=No such file or directory
08-14 07:52:42.226   540   540 W binder:540_7: type=1400 audit(0.0:83): avc: denied { read } for name="wakeup26" dev="sysfs" ino=38669 scontext=u:r:system_suspend:s0 tcontext=u:object_r:vendor_sysfs_fps_attr:s0 tclass=dir permissive=0
08-14 07:52:42.309   499  2961 W libc    : Unable to set property "ctl.interface_start" to "com.qualcomm.qti.uceservice@2.3::IUceService/com.qualcomm.qti.uceservice": error code: 0x20
08-14 07:52:42.310   499  2963 W libc    : Unable to set property "ctl.interface_start" to "com.qualcomm.qti.uceservice@2.3::IUceService/com.qualcomm.qti.uceservice": error code: 0x20
08-14 07:52:42.591  2267  2267 I QImsService: ImsRadioHidl : setConfig: item:29 boolValue:false intValue:2 strValue:null errorCause:0
08-14 07:52:42.598  2267  2267 I QImsService: ImsRadioHidl : setConfig: item:74 boolValue:false intValue:2 strValue:null errorCause:0
08-14 07:52:42.774  2267  2871 I QImsService: ImsSenderRxr : [0017]< REQUEST_IMS_REGISTRATION_STATE ImsRegistrationInfo state: 1 errorCode: 0 errorMessage:  radioTech: 14 pAssociatedUris[SUB1]
08-14 07:52:42.782  2267  2871 I QImsService: ImsRadioResponseHidl : Got setUiTTYModeResponse from ImsRadio error 0
08-14 07:52:42.802  2267  2844 D ImsConfigImplBase: Set provision value of 27 to 1 failed with error code 1
08-14 07:52:42.803  2267  2844 D ImsConfigImplBase: Set provision value of 26 to 0 failed with error code 1
08-14 07:52:42.819  2267  2844 I QImsService: ImsRadioHidl : setConfig: item:70 boolValue:false intValue:0 strValue:null errorCause:0
08-14 07:52:43.242   888  3051 E tftp_server: pid=888 tid=3051 tftp-server : ERR :[tftp_server.c, 1750] open failed : [-2] [Unknown error -2]
08-14 07:52:43.242   888  3051 E tftp_server: pid=888 tid=3051 tftp-server : ERR :[tftp_protocol.c, 1231] sending error-pkt. Code = 1, Msg = Err=2 String=No such file or directory
08-14 07:52:43.311   499  3060 W libc    : Unable to set property "ctl.interface_start" to "com.qualcomm.qti.uceservice@2.3::IUceService/com.qualcomm.qti.uceservice": error code: 0x20
08-14 07:52:43.843  2677  2677 E Diag_Lib:  Diag_LSM_Init: Failed to open handle to diag driver, error = 13
08-14 07:52:43.838  2677  2677 W imsrcsd : type=1400 audit(0.0:88): avc: denied { read write } for name="diag" dev="tmpfs" ino=14599 scontext=u:r:vendor_hal_rcsservice:s0 tcontext=u:object_r:vendor_diag_device:s0 tclass=chr_file permissive=0
08-14 07:52:44.314   499  3084 W libc    : Unable to set property "ctl.interface_start" to "com.qualcomm.qti.uceservice@2.3::IUceService/com.qualcomm.qti.uceservice": error code: 0x20
08-14 07:52:44.329  2267  2871 I QImsService: ImsSenderRxr : [0023]< REQUEST_IMS_REGISTRATION_STATE ImsRegistrationInfo state: 1 errorCode: 0 errorMessage:  radioTech: 14 pAssociatedUris[SUB1]
08-14 07:52:45.317   499  3086 W libc    : Unable to set property "ctl.interface_start" to "com.qualcomm.qti.uceservice@2.3::IUceService/com.qualcomm.qti.uceservice": error code: 0x20
08-14 07:52:46.318   499  3087 W libc    : Unable to set property "ctl.interface_start" to "com.qualcomm.qti.uceservice@2.3::IUceService/com.qualcomm.qti.uceservice": error code: 0x20
08-14 07:52:47.320   499  3088 W libc    : Unable to set property "ctl.interface_start" to "com.qualcomm.qti.uceservice@2.3::IUceService/com.qualcomm.qti.uceservice": error code: 0x20
08-14 07:52:48.325   499  3097 W libc    : Unable to set property "ctl.interface_start" to "com.qualcomm.qti.uceservice@2.3::IUceService/com.qualcomm.qti.uceservice": error code: 0x20
08-14 07:52:48.869  1238  2476 I cnss-daemon: wlan_qmi_err_cb: WLPS service disconnect, called with error -2 for client 0x6K
08-14 07:52:48.963  3080  3080 E Diag_Lib:  Diag_LSM_Init: Failed to open handle to diag driver, error = 13
08-14 07:52:48.958  3080  3080 W imsrcsd : type=1400 audit(0.0:89): avc: denied { read write } for name="diag" dev="tmpfs" ino=14599 scontext=u:r:vendor_hal_rcsservice:s0 tcontext=u:object_r:vendor_diag_device:s0 tclass=chr_file permissive=0
08-14 07:52:49.325   499  3108 W libc    : Unable to set property "ctl.interface_start" to "com.qualcomm.qti.uceservice@2.3::IUceService/com.qualcomm.qti.uceservice": error code: 0x20
08-14 07:52:50.332   499  3110 W libc    : Unable to set property "ctl.interface_start" to "com.qualcomm.qti.uceservice@2.3::IUceService/com.qualcomm.qti.uceservice": error code: 0x20
08-14 07:52:51.126   498   498 I servicemanager: Could not find android.hardware.graphics.allocator.IAllocator/default in the VINTF manifest.
08-14 07:52:51.333   499  3122 W libc    : Unable to set property "ctl.interface_start" to "com.qualcomm.qti.uceservice@2.3::IUceService/com.qualcomm.qti.uceservice": error code: 0x20
08-14 07:52:51.973   540  2485 E android.system.suspend@1.0-service: error writing zygote_kwl to /sys/power/wake_unlock: Invalid argument
08-14 07:52:52.340   499  3152 W libc    : Unable to set property "ctl.interface_start" to "com.qualcomm.qti.uceservice@2.3::IUceService/com.qualcomm.qti.uceservice": error code: 0x20
08-14 07:52:53.350   499  3153 W libc    : Unable to set property "ctl.interface_start" to "com.qualcomm.qti.uceservice@2.3::IUceService/com.qualcomm.qti.uceservice": error code: 0x20
08-14 07:52:54.099  3107  3107 E Diag_Lib:  Diag_LSM_Init: Failed to open handle to diag driver, error = 13
08-14 07:52:54.094  3107  3107 W imsrcsd : type=1400 audit(0.0:90): avc: denied { read write } for name="diag" dev="tmpfs" ino=14599 scontext=u:r:vendor_hal_rcs
